Traceback (most recent call last):
  File "/usr/local/python/3.14.2/lib/python3.14/site-packages/jupyter_cache/executors/utils.py", line 58, in single_nb_execution
    executenb(
    ~~~~~~~~~^
        nb,
        ^^^
    ...<4 lines>...
        **kwargs,
        ^^^^^^^^^
    )
    ^
  File "/home/codespace/.local/lib/python3.14/site-packages/nbclient/client.py", line 1323, in execute
    return NotebookClient(nb=nb, resources=resources, km=km, **kwargs).execute()
           ~~~~~~~~~~~~~~~~~~~~~~~~~~~~~~~~~~~~~~~~~~~~~~~~~~~~~~~~~~~~~~~~~~~^^
  File "/home/codespace/.local/lib/python3.14/site-packages/jupyter_core/utils/__init__.py", line 165, in wrapped
    return loop.run_until_complete(inner)
           ~~~~~~~~~~~~~~~~~~~~~~~^^^^^^^
  File "/usr/local/python/3.14.2/lib/python3.14/asyncio/base_events.py", line 719, in run_until_complete
    return future.result()
           ~~~~~~~~~~~~~^^
  File "/home/codespace/.local/lib/python3.14/site-packages/nbclient/client.py", line 709, in async_execute
    await self.async_execute_cell(
        cell, index, execution_count=self.code_cells_executed + 1
    )
  File "/home/codespace/.local/lib/python3.14/site-packages/nbclient/client.py", line 1062, in async_execute_cell
    await self._check_raise_for_error(cell, cell_index, exec_reply)
  File "/home/codespace/.local/lib/python3.14/site-packages/nbclient/client.py", line 918, in _check_raise_for_error
    raise CellExecutionError.from_cell_and_msg(cell, exec_reply_content)
nbclient.exceptions.CellExecutionError: An error occurred while executing the following cell:
------------------
# Klasifikasi Teks Berita Menggunakan Word Embedding dan Naive Bayes

Notebook ini menggabungkan tahapan pengolahan dan klasifikasi teks dari Tugas 3 dan Tugas 4.

Dataset yang digunakan terdiri dari 200 berita dengan dua kategori, yaitu Sport dan Finance.

Metode yang digunakan dalam notebook ini meliputi:

1. Preprocessing teks.
2. Skenario dengan stopwords dan tanpa stopwords.
3. Word embedding menggunakan Co-occurrence Matrix dan SVD.
4. Word embedding menggunakan Word2Vec Skip-Gram.
5. Mean Pooling untuk membentuk vektor dokumen.
6. Gaussian Naive Bayes sebagai metode klasifikasi.
7. k-Nearest Neighbors (kNN) sebagai metode klasifikasi tambahan.
8. Evaluasi menggunakan Accuracy, Precision, Recall, F1-Score, dan Confusion Matrix.
9. Perbandingan hasil dari masing-masing metode dan skenario.
------------------


  [36mCell[39m[36m [39m[32mIn[1][39m[32m, line 3[39m
[31m    [39m[31mNotebook ini menggabungkan tahapan pengolahan dan klasifikasi teks dari Tugas 3 dan Tugas 4.[39m
             ^
[31mSyntaxError[39m[31m:[39m invalid syntax


